Archive member included to satisfy reference by file (symbol)

c:/program files (x86)/gnu tools arm embedded/5.4 2016q3/bin/../lib/gcc/arm-none-eabi/5.4.1/armv7-m\libgcc.a(_arm_addsubdf3.o)
                              ..\obj\Interrupt.o (__aeabi_i2d)
c:/program files (x86)/gnu tools arm embedded/5.4 2016q3/bin/../lib/gcc/arm-none-eabi/5.4.1/armv7-m\libgcc.a(_arm_muldivdf3.o)
                              ..\obj\Interrupt.o (__aeabi_dmul)
c:/program files (x86)/gnu tools arm embedded/5.4 2016q3/bin/../lib/gcc/arm-none-eabi/5.4.1/armv7-m\libgcc.a(_arm_truncdfsf2.o)
                              ..\obj\Interrupt.o (__aeabi_d2f)
c:/program files (x86)/gnu tools arm embedded/5.4 2016q3/bin/../lib/gcc/arm-none-eabi/5.4.1/armv7-m\libgcc.a(_arm_muldivsf3.o)
                              ..\obj\Interrupt.o (__aeabi_fdiv)
c:/program files (x86)/gnu tools arm embedded/5.4 2016q3/bin/../lib/gcc/arm-none-eabi/5.4.1/../../../../arm-none-eabi/lib/armv7-m\libc.a(lib_a-memset.o)
                              ..\obj\ssd1306.o (memset)
c:/program files (x86)/gnu tools arm embedded/5.4 2016q3/bin/../lib/gcc/arm-none-eabi/5.4.1/../../../../arm-none-eabi/lib/armv7-m\libc.a(lib_a-strlen-stub.o)
                              ..\obj\fonts.o (strlen)

Allocating common symbols
Common symbol       size              file

power               0x2               ..\obj\GPIO.o
temp                0x2               ..\obj\GPIO.o
timePress           0x4               ..\obj\GPIO.o
maxPower            0x2               ..\obj\GPIO.o
ADCBuffer           0x64              ..\obj\ADC.o
current             0x4               ..\obj\GPIO.o
Vbat                0x4               ..\obj\GPIO.o
resistanceCoilNow   0x4               ..\obj\GPIO.o
flagFire            0x1               ..\obj\GPIO.o
resistanceCoil      0x4               ..\obj\GPIO.o
millis              0x4               ..\obj\GPIO.o

Discarded input sections

 .text          0x00000000        0x0 ..\obj\stm32f10x_tim.o
 .data          0x00000000        0x0 ..\obj\stm32f10x_tim.o
 .bss           0x00000000        0x0 ..\obj\stm32f10x_tim.o
 .text.TIM_DeInit
                0x00000000      0x22c ..\obj\stm32f10x_tim.o
 .text.TIM_OC1Init
                0x00000000      0x118 ..\obj\stm32f10x_tim.o
 .text.TIM_OC2Init
                0x00000000      0x110 ..\obj\stm32f10x_tim.o
 .text.TIM_OC3Init
                0x00000000      0x10c ..\obj\stm32f10x_tim.o
 .text.TIM_ICInit
                0x00000000       0xa8 ..\obj\stm32f10x_tim.o
 .text.TIM_PWMIConfig
                0x00000000       0xb8 ..\obj\stm32f10x_tim.o
 .text.TIM_BDTRConfig
                0x00000000       0x50 ..\obj\stm32f10x_tim.o
 .text.TIM_OCStructInit
                0x00000000       0x44 ..\obj\stm32f10x_tim.o
 .text.TIM_ICStructInit
                0x00000000       0x30 ..\obj\stm32f10x_tim.o
 .text.TIM_BDTRStructInit
                0x00000000       0x3c ..\obj\stm32f10x_tim.o
 .text.TIM_CtrlPWMOutputs
                0x00000000       0x4c ..\obj\stm32f10x_tim.o
 .text.TIM_GenerateEvent
                0x00000000       0x1c ..\obj\stm32f10x_tim.o
 .text.TIM_DMAConfig
                0x00000000       0x28 ..\obj\stm32f10x_tim.o
 .text.TIM_DMACmd
                0x00000000       0x48 ..\obj\stm32f10x_tim.o
 .text.TIM_InternalClockConfig
                0x00000000       0x24 ..\obj\stm32f10x_tim.o
 .text.TIM_ITRxExternalClockConfig
                0x00000000       0x30 ..\obj\stm32f10x_tim.o
 .text.TIM_TIxExternalClockConfig
                0x00000000       0x5c ..\obj\stm32f10x_tim.o
 .text.TIM_ETRClockMode1Config
                0x00000000       0x60 ..\obj\stm32f10x_tim.o
 .text.TIM_ETRClockMode2Config
                0x00000000       0x40 ..\obj\stm32f10x_tim.o
 .text.TIM_ETRConfig
                0x00000000       0x54 ..\obj\stm32f10x_tim.o
 .text.TIM_PrescalerConfig
                0x00000000       0x28 ..\obj\stm32f10x_tim.o
 .text.TIM_CounterModeConfig
                0x00000000       0x38 ..\obj\stm32f10x_tim.o
 .text.TIM_SelectInputTrigger
                0x00000000       0x38 ..\obj\stm32f10x_tim.o
 .text.TIM_EncoderInterfaceConfig
                0x00000000       0x98 ..\obj\stm32f10x_tim.o
 .text.TIM_ForcedOC1Config
                0x00000000       0x38 ..\obj\stm32f10x_tim.o
 .text.TIM_ForcedOC2Config
                0x00000000       0x3c ..\obj\stm32f10x_tim.o
 .text.TIM_ForcedOC3Config
                0x00000000       0x38 ..\obj\stm32f10x_tim.o
 .text.TIM_ForcedOC4Config
                0x00000000       0x3c ..\obj\stm32f10x_tim.o
 .text.TIM_ARRPreloadConfig
                0x00000000       0x40 ..\obj\stm32f10x_tim.o
 .text.TIM_SelectCOM
                0x00000000       0x40 ..\obj\stm32f10x_tim.o
 .text.TIM_SelectCCDMA
                0x00000000       0x40 ..\obj\stm32f10x_tim.o
 .text.TIM_CCPreloadControl
                0x00000000       0x40 ..\obj\stm32f10x_tim.o
 .text.TIM_OC1PreloadConfig
                0x00000000       0x38 ..\obj\stm32f10x_tim.o
 .text.TIM_OC2PreloadConfig
                0x00000000       0x3c ..\obj\stm32f10x_tim.o
 .text.TIM_OC3PreloadConfig
                0x00000000       0x38 ..\obj\stm32f10x_tim.o
 .text.TIM_OC4PreloadConfig
                0x00000000       0x3c ..\obj\stm32f10x_tim.o
 .text.TIM_OC1FastConfig
                0x00000000       0x38 ..\obj\stm32f10x_tim.o
 .text.TIM_OC2FastConfig
                0x00000000       0x3c ..\obj\stm32f10x_tim.o
 .text.TIM_OC3FastConfig
                0x00000000       0x38 ..\obj\stm32f10x_tim.o
 .text.TIM_OC4FastConfig
                0x00000000       0x3c ..\obj\stm32f10x_tim.o
 .text.TIM_ClearOC1Ref
                0x00000000       0x38 ..\obj\stm32f10x_tim.o
 .text.TIM_ClearOC2Ref
                0x00000000       0x3c ..\obj\stm32f10x_tim.o
 .text.TIM_ClearOC3Ref
                0x00000000       0x38 ..\obj\stm32f10x_tim.o
 .text.TIM_ClearOC4Ref
                0x00000000       0x3c ..\obj\stm32f10x_tim.o
 .text.TIM_OC1PolarityConfig
                0x00000000       0x38 ..\obj\stm32f10x_tim.o
 .text.TIM_OC1NPolarityConfig
                0x00000000       0x38 ..\obj\stm32f10x_tim.o
 .text.TIM_OC2PolarityConfig
                0x00000000       0x3c ..\obj\stm32f10x_tim.o
 .text.TIM_OC2NPolarityConfig
                0x00000000       0x3c ..\obj\stm32f10x_tim.o
 .text.TIM_OC3PolarityConfig
                0x00000000       0x3c ..\obj\stm32f10x_tim.o
 .text.TIM_OC3NPolarityConfig
                0x00000000       0x3c ..\obj\stm32f10x_tim.o
 .text.TIM_OC4PolarityConfig
                0x00000000       0x3c ..\obj\stm32f10x_tim.o
 .text.TIM_CCxCmd
                0x00000000       0x54 ..\obj\stm32f10x_tim.o
 .text.TIM_CCxNCmd
                0x00000000       0x54 ..\obj\stm32f10x_tim.o
 .text.TIM_SelectOCxM
                0x00000000       0xac ..\obj\stm32f10x_tim.o
 .text.TIM_UpdateDisableConfig
                0x00000000       0x40 ..\obj\stm32f10x_tim.o
 .text.TIM_UpdateRequestConfig
                0x00000000       0x40 ..\obj\stm32f10x_tim.o
 .text.TIM_SelectHallSensor
                0x00000000       0x40 ..\obj\stm32f10x_tim.o
 .text.TIM_SelectOnePulseMode
                0x00000000       0x38 ..\obj\stm32f10x_tim.o
 .text.TIM_SelectSlaveMode
                0x00000000       0x38 ..\obj\stm32f10x_tim.o
 .text.TIM_SelectMasterSlaveMode
                0x00000000       0x38 ..\obj\stm32f10x_tim.o
 .text.TIM_SetCounter
                0x00000000       0x1c ..\obj\stm32f10x_tim.o
 .text.TIM_SetAutoreload
                0x00000000       0x1c ..\obj\stm32f10x_tim.o
 .text.TIM_SetCompare1
                0x00000000       0x1c ..\obj\stm32f10x_tim.o
 .text.TIM_SetCompare2
                0x00000000       0x1c ..\obj\stm32f10x_tim.o
 .text.TIM_SetCompare3
                0x00000000       0x1c ..\obj\stm32f10x_tim.o
 .text.TIM_SetCompare4
                0x00000000       0x20 ..\obj\stm32f10x_tim.o
 .text.TIM_SetIC1Prescaler
                0x00000000       0x38 ..\obj\stm32f10x_tim.o
 .text.TIM_SetIC2Prescaler
                0x00000000       0x3c ..\obj\stm32f10x_tim.o
 .text.TIM_SetIC3Prescaler
                0x00000000       0x38 ..\obj\stm32f10x_tim.o
 .text.TIM_SetIC4Prescaler
                0x00000000       0x3c ..\obj\stm32f10x_tim.o
 .text.TIM_SetClockDivision
                0x00000000       0x38 ..\obj\stm32f10x_tim.o
 .text.TIM_GetCapture1
                0x00000000       0x18 ..\obj\stm32f10x_tim.o
 .text.TIM_GetCapture2
                0x00000000       0x18 ..\obj\stm32f10x_tim.o
 .text.TIM_GetCapture3
                0x00000000       0x18 ..\obj\stm32f10x_tim.o
 .text.TIM_GetCapture4
                0x00000000       0x1c ..\obj\stm32f10x_tim.o
 .text.TIM_GetCounter
                0x00000000       0x18 ..\obj\stm32f10x_tim.o
 .text.TIM_GetPrescaler
                0x00000000       0x18 ..\obj\stm32f10x_tim.o
 .text.TIM_GetFlagStatus
                0x00000000       0x38 ..\obj\stm32f10x_tim.o
 .text.TIM_ClearFlag
                0x00000000       0x20 ..\obj\stm32f10x_tim.o
 .text.TIM_GetITStatus
                0x00000000       0x54 ..\obj\stm32f10x_tim.o
 .text.TIM_ClearITPendingBit
                0x00000000       0x20 ..\obj\stm32f10x_tim.o
 .text.TI1_Config
                0x00000000       0xe0 ..\obj\stm32f10x_tim.o
 .text.TI2_Config
                0x00000000       0xf4 ..\obj\stm32f10x_tim.o
 .text.TI3_Config
                0x00000000       0xec ..\obj\stm32f10x_tim.o
 .text.TI4_Config
                0x00000000       0xf8 ..\obj\stm32f10x_tim.o
 .text          0x00000000        0x0 ..\obj\Display.o
 .data          0x00000000        0x0 ..\obj\Display.o
 .bss           0x00000000        0x0 ..\obj\Display.o
 .rodata        0x00000000       0x13 ..\obj\Display.o
 .text.DisplayInit
                0x00000000       0x38 ..\obj\Display.o
 .debug_info    0x00000000      0x148 ..\obj\Display.o
 .debug_abbrev  0x00000000       0xb8 ..\obj\Display.o
 .debug_aranges
                0x00000000       0x20 ..\obj\Display.o
 .debug_ranges  0x00000000       0x10 ..\obj\Display.o
 .debug_line    0x00000000      0x1bf ..\obj\Display.o
 .debug_str     0x00000000      0x1e7 ..\obj\Display.o
 .comment       0x00000000       0x6f ..\obj\Display.o
 .debug_frame   0x00000000       0x2c ..\obj\Display.o
 .ARM.attributes
                0x00000000       0x33 ..\obj\Display.o
 .text          0x00000000        0x0 ..\obj\system_stm32f10x.o
 .data          0x00000000       0x14 ..\obj\system_stm32f10x.o
 .bss           0x00000000        0x0 ..\obj\system_stm32f10x.o
 .text.SystemCoreClockUpdate
                0x00000000       0xd8 ..\obj\system_stm32f10x.o
 .text          0x00000000        0x0 ..\obj\startup_stm32f10x_md.o
 .data          0x00000000        0x0 ..\obj\startup_stm32f10x_md.o
 .bss           0x00000000        0x0 ..\obj\startup_stm32f10x_md.o
 .text          0x00000000        0x0 ..\obj\stm32f10x_gpio.o
 .data          0x00000000        0x0 ..\obj\stm32f10x_gpio.o
 .bss           0x00000000        0x0 ..\obj\stm32f10x_gpio.o
 .text.GPIO_DeInit
                0x00000000       0xe4 ..\obj\stm32f10x_gpio.o
 .text.GPIO_AFIODeInit
                0x00000000       0x18 ..\obj\stm32f10x_gpio.o
 .text.GPIO_StructInit
                0x00000000       0x28 ..\obj\stm32f10x_gpio.o
 .text.GPIO_ReadInputData
                0x00000000       0x18 ..\obj\stm32f10x_gpio.o
 .text.GPIO_ReadOutputDataBit
                0x00000000       0x34 ..\obj\stm32f10x_gpio.o
 .text.GPIO_ReadOutputData
                0x00000000       0x18 ..\obj\stm32f10x_gpio.o
 .text.GPIO_SetBits
                0x00000000       0x1c ..\obj\stm32f10x_gpio.o
 .text.GPIO_ResetBits
                0x00000000       0x1c ..\obj\stm32f10x_gpio.o
 .text.GPIO_WriteBit
                0x00000000       0x30 ..\obj\stm32f10x_gpio.o
 .text.GPIO_Write
                0x00000000       0x1c ..\obj\stm32f10x_gpio.o
 .text.GPIO_PinLockConfig
                0x00000000       0x44 ..\obj\stm32f10x_gpio.o
 .text.GPIO_EventOutputConfig
                0x00000000       0x4c ..\obj\stm32f10x_gpio.o
 .text.GPIO_EventOutputCmd
                0x00000000       0x20 ..\obj\stm32f10x_gpio.o
 .text.GPIO_PinRemapConfig
                0x00000000       0xe0 ..\obj\stm32f10x_gpio.o
 .text.GPIO_ETH_MediaInterfaceConfig
                0x00000000       0x1c ..\obj\stm32f10x_gpio.o
 .text          0x00000000        0x0 ..\obj\main.o
 .data          0x00000000        0x0 ..\obj\main.o
 .bss           0x00000000        0x0 ..\obj\main.o
 .text          0x00000000        0x0 ..\obj\RCC.o
 .data          0x00000000        0x0 ..\obj\RCC.o
 .bss           0x00000000        0x0 ..\obj\RCC.o
 .text          0x00000000        0x0 ..\obj\GPIO.o
 .data          0x00000000        0x0 ..\obj\GPIO.o
 .bss           0x00000000        0x0 ..\obj\GPIO.o
 .text.checkButtons
                0x00000000       0x68 ..\obj\GPIO.o
 .text          0x00000000        0x0 ..\obj\ADC.o
 .data          0x00000000        0x0 ..\obj\ADC.o
 .bss           0x00000000        0x0 ..\obj\ADC.o
 .text          0x00000000        0x0 ..\obj\stm32f10x_rcc.o
 .data          0x00000000       0x14 ..\obj\stm32f10x_rcc.o
 .bss           0x00000000        0x0 ..\obj\stm32f10x_rcc.o
 .text.RCC_AdjustHSICalibrationValue
                0x00000000       0x3c ..\obj\stm32f10x_rcc.o
 .text.RCC_HSICmd
                0x00000000       0x20 ..\obj\stm32f10x_rcc.o
 .text.RCC_ITConfig
                0x00000000       0x4c ..\obj\stm32f10x_rcc.o
 .text.RCC_USBCLKConfig
                0x00000000       0x1c ..\obj\stm32f10x_rcc.o
 .text.RCC_LSEConfig
                0x00000000       0x40 ..\obj\stm32f10x_rcc.o
 .text.RCC_LSICmd
                0x00000000       0x20 ..\obj\stm32f10x_rcc.o
 .text.RCC_RTCCLKConfig
                0x00000000       0x24 ..\obj\stm32f10x_rcc.o
 .text.RCC_RTCCLKCmd
                0x00000000       0x20 ..\obj\stm32f10x_rcc.o
 .text.RCC_GetClocksFreq
                0x00000000      0x160 ..\obj\stm32f10x_rcc.o
 .text.RCC_APB2PeriphResetCmd
                0x00000000       0x3c ..\obj\stm32f10x_rcc.o
 .text.RCC_APB1PeriphResetCmd
                0x00000000       0x3c ..\obj\stm32f10x_rcc.o
 .text.RCC_BackupResetCmd
                0x00000000       0x20 ..\obj\stm32f10x_rcc.o
 .text.RCC_ClockSecuritySystemCmd
                0x00000000       0x20 ..\obj\stm32f10x_rcc.o
 .text.RCC_MCOConfig
                0x00000000       0x20 ..\obj\stm32f10x_rcc.o
 .text.RCC_ClearFlag
                0x00000000       0x1c ..\obj\stm32f10x_rcc.o
 .text.RCC_GetITStatus
                0x00000000       0x34 ..\obj\stm32f10x_rcc.o
 .text.RCC_ClearITPendingBit
                0x00000000       0x20 ..\obj\stm32f10x_rcc.o
 .text          0x00000000        0x0 ..\obj\Timer.o
 .data          0x00000000        0x0 ..\obj\Timer.o
 .bss           0x00000000        0x0 ..\obj\Timer.o
 .text.stopUpdateVbat
                0x00000000       0x14 ..\obj\Timer.o
 .text.setPWM   0x00000000       0x20 ..\obj\Timer.o
 .text          0x00000000        0x0 ..\obj\stm32f10x_exti.o
 .data          0x00000000        0x0 ..\obj\stm32f10x_exti.o
 .bss           0x00000000        0x0 ..\obj\stm32f10x_exti.o
 .text.EXTI_DeInit
                0x00000000       0x34 ..\obj\stm32f10x_exti.o
 .text.EXTI_StructInit
                0x00000000       0x2c ..\obj\stm32f10x_exti.o
 .text.EXTI_GenerateSWInterrupt
                0x00000000       0x24 ..\obj\stm32f10x_exti.o
 .text.EXTI_GetFlagStatus
                0x00000000       0x34 ..\obj\stm32f10x_exti.o
 .text.EXTI_ClearFlag
                0x00000000       0x1c ..\obj\stm32f10x_exti.o
 .text          0x00000000        0x0 ..\obj\stm32f10x_adc.o
 .data          0x00000000        0x0 ..\obj\stm32f10x_adc.o
 .bss           0x00000000        0x0 ..\obj\stm32f10x_adc.o
 .text.ADC_DeInit
                0x00000000       0x74 ..\obj\stm32f10x_adc.o
 .text.ADC_StructInit
                0x00000000       0x38 ..\obj\stm32f10x_adc.o
 .text.ADC_GetResetCalibrationStatus
                0x00000000       0x30 ..\obj\stm32f10x_adc.o
 .text.ADC_GetSoftwareStartConvStatus
                0x00000000       0x30 ..\obj\stm32f10x_adc.o
 .text.ADC_DiscModeChannelCountConfig
                0x00000000       0x44 ..\obj\stm32f10x_adc.o
 .text.ADC_DiscModeCmd
                0x00000000       0x38 ..\obj\stm32f10x_adc.o
 .text.ADC_ExternalTrigConvCmd
                0x00000000       0x38 ..\obj\stm32f10x_adc.o
 .text.ADC_GetDualModeConversionValue
                0x00000000       0x14 ..\obj\stm32f10x_adc.o
 .text.ADC_AutoInjectedConvCmd
                0x00000000       0x38 ..\obj\stm32f10x_adc.o
 .text.ADC_InjectedDiscModeCmd
                0x00000000       0x38 ..\obj\stm32f10x_adc.o
 .text.ADC_ExternalTrigInjectedConvConfig
                0x00000000       0x34 ..\obj\stm32f10x_adc.o
 .text.ADC_ExternalTrigInjectedConvCmd
                0x00000000       0x38 ..\obj\stm32f10x_adc.o
 .text.ADC_SoftwareStartInjectedConvCmd
                0x00000000       0x38 ..\obj\stm32f10x_adc.o
 .text.ADC_GetSoftwareStartInjectedConvCmdStatus
                0x00000000       0x30 ..\obj\stm32f10x_adc.o
 .text.ADC_InjectedChannelConfig
                0x00000000      0x120 ..\obj\stm32f10x_adc.o
 .text.ADC_InjectedSequencerLengthConfig
                0x00000000       0x44 ..\obj\stm32f10x_adc.o
 .text.ADC_SetInjectedOffset
                0x00000000       0x34 ..\obj\stm32f10x_adc.o
 .text.ADC_GetInjectedConversionValue
                0x00000000       0x30 ..\obj\stm32f10x_adc.o
 .text.ADC_AnalogWatchdogCmd
                0x00000000       0x38 ..\obj\stm32f10x_adc.o
 .text.ADC_AnalogWatchdogThresholdsConfig
                0x00000000       0x28 ..\obj\stm32f10x_adc.o
 .text.ADC_AnalogWatchdogSingleChannelConfig
                0x00000000       0x38 ..\obj\stm32f10x_adc.o
 .text.ADC_TempSensorVrefintCmd
                0x00000000       0x38 ..\obj\stm32f10x_adc.o
 .text.ADC_GetITStatus
                0x00000000       0x54 ..\obj\stm32f10x_adc.o
 .text.ADC_ClearITPendingBit
                0x00000000       0x2c ..\obj\stm32f10x_adc.o
 .text          0x00000000        0x0 ..\obj\fonts.o
 .data          0x00000000       0x18 ..\obj\fonts.o
 .bss           0x00000000        0x0 ..\obj\fonts.o
 .rodata        0x00000000     0x2814 ..\obj\fonts.o
 .text.FONTS_GetStringSize
                0x00000000       0x3c ..\obj\fonts.o
 .debug_info    0x00000000      0x244 ..\obj\fonts.o
 .debug_abbrev  0x00000000       0xe7 ..\obj\fonts.o
 .debug_aranges
                0x00000000       0x20 ..\obj\fonts.o
 .debug_ranges  0x00000000       0x10 ..\obj\fonts.o
 .debug_line    0x00000000      0x195 ..\obj\fonts.o
 .debug_str     0x00000000      0x25a ..\obj\fonts.o
 .comment       0x00000000       0x6f ..\obj\fonts.o
 .debug_frame   0x00000000       0x38 ..\obj\fonts.o
 .ARM.attributes
                0x00000000       0x33 ..\obj\fonts.o
 .text          0x00000000        0x0 ..\obj\ssd1306_i2c.o
 .data          0x00000000        0x0 ..\obj\ssd1306_i2c.o
 .bss           0x00000000        0x4 ..\obj\ssd1306_i2c.o
 .text.ssd1306_I2C_Init
                0x00000000       0x74 ..\obj\ssd1306_i2c.o
 .text.ssd1306_I2C_WriteMulti
                0x00000000       0x5c ..\obj\ssd1306_i2c.o
 .text.ssd1306_I2C_Start
                0x00000000      0x108 ..\obj\ssd1306_i2c.o
 .text.ssd1306_I2C_WriteData
                0x00000000       0x4c ..\obj\ssd1306_i2c.o
 .text.ssd1306_I2C_Write
                0x00000000       0x48 ..\obj\ssd1306_i2c.o
 .text.ssd1306_I2C_Stop
                0x00000000       0x64 ..\obj\ssd1306_i2c.o
 .text.ssd1306_I2C_IsDeviceConnected
                0x00000000       0x38 ..\obj\ssd1306_i2c.o
 .debug_info    0x00000000      0x57d ..\obj\ssd1306_i2c.o
 .debug_abbrev  0x00000000      0x191 ..\obj\ssd1306_i2c.o
 .debug_aranges
                0x00000000       0x50 ..\obj\ssd1306_i2c.o
 .debug_ranges  0x00000000       0x40 ..\obj\ssd1306_i2c.o
 .debug_line    0x00000000      0x2d4 ..\obj\ssd1306_i2c.o
 .debug_str     0x00000000      0x4b3 ..\obj\ssd1306_i2c.o
 .comment       0x00000000       0x6f ..\obj\ssd1306_i2c.o
 .debug_frame   0x00000000      0x114 ..\obj\ssd1306_i2c.o
 .ARM.attributes
                0x00000000       0x33 ..\obj\ssd1306_i2c.o
 .text          0x00000000        0x0 ..\obj\Utils.o
 .data          0x00000000        0x0 ..\obj\Utils.o
 .bss           0x00000000        0x0 ..\obj\Utils.o
 .text.paramUp  0x00000000       0x14 ..\obj\Utils.o
 .text          0x00000000        0x0 ..\obj\stm32f10x_dma.o
 .data          0x00000000        0x0 ..\obj\stm32f10x_dma.o
 .bss           0x00000000        0x0 ..\obj\stm32f10x_dma.o
 .text.DMA_DeInit
                0x00000000      0x178 ..\obj\stm32f10x_dma.o
 .text.DMA_StructInit
                0x00000000       0x54 ..\obj\stm32f10x_dma.o
 .text.DMA_SetCurrDataCounter
                0x00000000       0x1c ..\obj\stm32f10x_dma.o
 .text.DMA_GetCurrDataCounter
                0x00000000       0x18 ..\obj\stm32f10x_dma.o
 .text.DMA_GetFlagStatus
                0x00000000       0x50 ..\obj\stm32f10x_dma.o
 .text.DMA_ClearFlag
                0x00000000       0x34 ..\obj\stm32f10x_dma.o
 .text.DMA_GetITStatus
                0x00000000       0x50 ..\obj\stm32f10x_dma.o
 .text          0x00000000        0x0 ..\obj\misc.o
 .data          0x00000000        0x0 ..\obj\misc.o
 .bss           0x00000000        0x0 ..\obj\misc.o
 .text.NVIC_PriorityGroupConfig
                0x00000000       0x24 ..\obj\misc.o
 .text.NVIC_SetVectorTable
                0x00000000       0x2c ..\obj\misc.o
 .text.NVIC_SystemLPConfig
                0x00000000       0x40 ..\obj\misc.o
 .text          0x00000000        0x0 ..\obj\ssd1306.o
 .data          0x00000000        0x0 ..\obj\ssd1306.o
 .bss           0x00000000      0x406 ..\obj\ssd1306.o
 .text.SSD1306_Init
                0x00000000      0x1b0 ..\obj\ssd1306.o
 .text.SSD1306_UpdateScreen
                0x00000000       0x68 ..\obj\ssd1306.o
 .text.SSD1306_ToggleInvert
                0x00000000       0x50 ..\obj\ssd1306.o
 .text.SSD1306_Fill
                0x00000000       0x30 ..\obj\ssd1306.o
 .text.SSD1306_DrawPixel
                0x00000000       0xbc ..\obj\ssd1306.o
 .text.SSD1306_GotoXY
                0x00000000       0x2c ..\obj\ssd1306.o
 .text.SSD1306_Putc
                0x00000000      0x100 ..\obj\ssd1306.o
 .text.SSD1306_Puts
                0x00000000       0x4c ..\obj\ssd1306.o
 .text.SSD1306_DrawLine
                0x00000000      0x1f8 ..\obj\ssd1306.o
 .text.SSD1306_DrawRectangle
                0x00000000       0xd4 ..\obj\ssd1306.o
 .text.SSD1306_DrawFilledRectangle
                0x00000000       0x9c ..\obj\ssd1306.o
 .text.SSD1306_DrawTriangle
                0x00000000       0x64 ..\obj\ssd1306.o
 .text.SSD1306_DrawFilledTriangle
                0x00000000      0x184 ..\obj\ssd1306.o
 .text.SSD1306_DrawCircle
                0x00000000      0x1a8 ..\obj\ssd1306.o
 .text.SSD1306_DrawFilledCircle
                0x00000000      0x1b4 ..\obj\ssd1306.o
 .text.SSD1306_ON
                0x00000000       0x30 ..\obj\ssd1306.o
 .text.SSD1306_OFF
                0x00000000       0x30 ..\obj\ssd1306.o
 .debug_info    0x00000000      0x91b ..\obj\ssd1306.o
 .debug_abbrev  0x00000000      0x1f4 ..\obj\ssd1306.o
 .debug_aranges
                0x00000000       0xa0 ..\obj\ssd1306.o
 .debug_ranges  0x00000000       0x90 ..\obj\ssd1306.o
 .debug_line    0x00000000      0x516 ..\obj\ssd1306.o
 .debug_str     0x00000000      0x4a6 ..\obj\ssd1306.o
 .comment       0x00000000       0x6f ..\obj\ssd1306.o
 .debug_frame   0x00000000      0x28c ..\obj\ssd1306.o
 .ARM.attributes
                0x00000000       0x33 ..\obj\ssd1306.o
 .text          0x00000000        0x0 ..\obj\stm32f10x_i2c.o
 .data          0x00000000        0x0 ..\obj\stm32f10x_i2c.o
 .bss           0x00000000        0x0 ..\obj\stm32f10x_i2c.o
 .text.I2C_DeInit
                0x00000000       0x48 ..\obj\stm32f10x_i2c.o
 .text.I2C_Init
                0x00000000      0x184 ..\obj\stm32f10x_i2c.o
 .text.I2C_StructInit
                0x00000000       0x3c ..\obj\stm32f10x_i2c.o
 .text.I2C_Cmd  0x00000000       0x40 ..\obj\stm32f10x_i2c.o
 .text.I2C_DMACmd
                0x00000000       0x40 ..\obj\stm32f10x_i2c.o
 .text.I2C_DMALastTransferCmd
                0x00000000       0x40 ..\obj\stm32f10x_i2c.o
 .text.I2C_GenerateSTART
                0x00000000       0x40 ..\obj\stm32f10x_i2c.o
 .text.I2C_GenerateSTOP
                0x00000000       0x40 ..\obj\stm32f10x_i2c.o
 .text.I2C_AcknowledgeConfig
                0x00000000       0x40 ..\obj\stm32f10x_i2c.o
 .text.I2C_OwnAddress2Config
                0x00000000       0x44 ..\obj\stm32f10x_i2c.o
 .text.I2C_DualAddressCmd
                0x00000000       0x40 ..\obj\stm32f10x_i2c.o
 .text.I2C_GeneralCallCmd
                0x00000000       0x40 ..\obj\stm32f10x_i2c.o
 .text.I2C_ITConfig
                0x00000000       0x48 ..\obj\stm32f10x_i2c.o
 .text.I2C_SendData
                0x00000000       0x20 ..\obj\stm32f10x_i2c.o
 .text.I2C_ReceiveData
                0x00000000       0x1c ..\obj\stm32f10x_i2c.o
 .text.I2C_Send7bitAddress
                0x00000000       0x3c ..\obj\stm32f10x_i2c.o
 .text.I2C_ReadRegister
                0x00000000       0x2c ..\obj\stm32f10x_i2c.o
 .text.I2C_SoftwareResetCmd
                0x00000000       0x44 ..\obj\stm32f10x_i2c.o
 .text.I2C_NACKPositionConfig
                0x00000000       0x40 ..\obj\stm32f10x_i2c.o
 .text.I2C_SMBusAlertConfig
                0x00000000       0x40 ..\obj\stm32f10x_i2c.o
 .text.I2C_TransmitPEC
                0x00000000       0x40 ..\obj\stm32f10x_i2c.o
 .text.I2C_PECPositionConfig
                0x00000000       0x40 ..\obj\stm32f10x_i2c.o
 .text.I2C_CalculatePEC
                0x00000000       0x40 ..\obj\stm32f10x_i2c.o
 .text.I2C_GetPEC
                0x00000000       0x20 ..\obj\stm32f10x_i2c.o
 .text.I2C_ARPCmd
                0x00000000       0x40 ..\obj\stm32f10x_i2c.o
 .text.I2C_StretchClockCmd
                0x00000000       0x40 ..\obj\stm32f10x_i2c.o
 .text.I2C_FastModeDutyCycleConfig
                0x00000000       0x40 ..\obj\stm32f10x_i2c.o
 .text.I2C_CheckEvent
                0x00000000       0x60 ..\obj\stm32f10x_i2c.o
 .text.I2C_GetLastEvent
                0x00000000       0x44 ..\obj\stm32f10x_i2c.o
 .text.I2C_GetFlagStatus
                0x00000000       0x64 ..\obj\stm32f10x_i2c.o
 .text.I2C_ClearFlag
                0x00000000       0x2c ..\obj\stm32f10x_i2c.o
 .text.I2C_GetITStatus
                0x00000000       0x58 ..\obj\stm32f10x_i2c.o
 .text.I2C_ClearITPendingBit
                0x00000000       0x2c ..\obj\stm32f10x_i2c.o
 .debug_info    0x00000000      0xb0c ..\obj\stm32f10x_i2c.o
 .debug_abbrev  0x00000000      0x166 ..\obj\stm32f10x_i2c.o
 .debug_aranges
                0x00000000      0x120 ..\obj\stm32f10x_i2c.o
 .debug_ranges  0x00000000      0x110 ..\obj\stm32f10x_i2c.o
 .debug_line    0x00000000      0x4c5 ..\obj\stm32f10x_i2c.o
 .debug_str     0x00000000      0x665 ..\obj\stm32f10x_i2c.o
 .comment       0x00000000       0x6f ..\obj\stm32f10x_i2c.o
 .debug_frame   0x00000000      0x530 ..\obj\stm32f10x_i2c.o
 .ARM.attributes
                0x00000000       0x33 ..\obj\stm32f10x_i2c.o
 .text          0x00000000        0x0 ..\obj\Interrupt.o
 .data          0x00000000        0x0 ..\obj\Interrupt.o
 .bss           0x00000000        0x0 ..\obj\Interrupt.o
 .data          0x00000000        0x0 c:/program files (x86)/gnu tools arm embedded/5.4 2016q3/bin/../lib/gcc/arm-none-eabi/5.4.1/armv7-m\libgcc.a(_arm_addsubdf3.o)
 .bss           0x00000000        0x0 c:/program files (x86)/gnu tools arm embedded/5.4 2016q3/bin/../lib/gcc/arm-none-eabi/5.4.1/armv7-m\libgcc.a(_arm_addsubdf3.o)
 .data          0x00000000        0x0 c:/program files (x86)/gnu tools arm embedded/5.4 2016q3/bin/../lib/gcc/arm-none-eabi/5.4.1/armv7-m\libgcc.a(_arm_muldivdf3.o)
 .bss           0x00000000        0x0 c:/program files (x86)/gnu tools arm embedded/5.4 2016q3/bin/../lib/gcc/arm-none-eabi/5.4.1/armv7-m\libgcc.a(_arm_muldivdf3.o)
 .data          0x00000000        0x0 c:/program files (x86)/gnu tools arm embedded/5.4 2016q3/bin/../lib/gcc/arm-none-eabi/5.4.1/armv7-m\libgcc.a(_arm_truncdfsf2.o)
 .bss           0x00000000        0x0 c:/program files (x86)/gnu tools arm embedded/5.4 2016q3/bin/../lib/gcc/arm-none-eabi/5.4.1/armv7-m\libgcc.a(_arm_truncdfsf2.o)
 .data          0x00000000        0x0 c:/program files (x86)/gnu tools arm embedded/5.4 2016q3/bin/../lib/gcc/arm-none-eabi/5.4.1/armv7-m\libgcc.a(_arm_muldivsf3.o)
 .bss           0x00000000        0x0 c:/program files (x86)/gnu tools arm embedded/5.4 2016q3/bin/../lib/gcc/arm-none-eabi/5.4.1/armv7-m\libgcc.a(_arm_muldivsf3.o)
 .text          0x00000000        0x0 c:/program files (x86)/gnu tools arm embedded/5.4 2016q3/bin/../lib/gcc/arm-none-eabi/5.4.1/../../../../arm-none-eabi/lib/armv7-m\libc.a(lib_a-memset.o)
 .data          0x00000000        0x0 c:/program files (x86)/gnu tools arm embedded/5.4 2016q3/bin/../lib/gcc/arm-none-eabi/5.4.1/../../../../arm-none-eabi/lib/armv7-m\libc.a(lib_a-memset.o)
 .bss           0x00000000        0x0 c:/program files (x86)/gnu tools arm embedded/5.4 2016q3/bin/../lib/gcc/arm-none-eabi/5.4.1/../../../../arm-none-eabi/lib/armv7-m\libc.a(lib_a-memset.o)
 .text.memset   0x00000000       0x9c c:/program files (x86)/gnu tools arm embedded/5.4 2016q3/bin/../lib/gcc/arm-none-eabi/5.4.1/../../../../arm-none-eabi/lib/armv7-m\libc.a(lib_a-memset.o)
 .debug_frame   0x00000000       0x34 c:/program files (x86)/gnu tools arm embedded/5.4 2016q3/bin/../lib/gcc/arm-none-eabi/5.4.1/../../../../arm-none-eabi/lib/armv7-m\libc.a(lib_a-memset.o)
 .ARM.attributes
                0x00000000       0x2d c:/program files (x86)/gnu tools arm embedded/5.4 2016q3/bin/../lib/gcc/arm-none-eabi/5.4.1/../../../../arm-none-eabi/lib/armv7-m\libc.a(lib_a-memset.o)
 .text          0x00000000        0x0 c:/program files (x86)/gnu tools arm embedded/5.4 2016q3/bin/../lib/gcc/arm-none-eabi/5.4.1/../../../../arm-none-eabi/lib/armv7-m\libc.a(lib_a-strlen-stub.o)
 .data          0x00000000        0x0 c:/program files (x86)/gnu tools arm embedded/5.4 2016q3/bin/../lib/gcc/arm-none-eabi/5.4.1/../../../../arm-none-eabi/lib/armv7-m\libc.a(lib_a-strlen-stub.o)
 .bss           0x00000000        0x0 c:/program files (x86)/gnu tools arm embedded/5.4 2016q3/bin/../lib/gcc/arm-none-eabi/5.4.1/../../../../arm-none-eabi/lib/armv7-m\libc.a(lib_a-strlen-stub.o)
 .text.strlen   0x00000000       0x5c c:/program files (x86)/gnu tools arm embedded/5.4 2016q3/bin/../lib/gcc/arm-none-eabi/5.4.1/../../../../arm-none-eabi/lib/armv7-m\libc.a(lib_a-strlen-stub.o)
 .debug_frame   0x00000000       0x20 c:/program files (x86)/gnu tools arm embedded/5.4 2016q3/bin/../lib/gcc/arm-none-eabi/5.4.1/../../../../arm-none-eabi/lib/armv7-m\libc.a(lib_a-strlen-stub.o)
 .ARM.attributes
                0x00000000       0x2d c:/program files (x86)/gnu tools arm embedded/5.4 2016q3/bin/../lib/gcc/arm-none-eabi/5.4.1/../../../../arm-none-eabi/lib/armv7-m\libc.a(lib_a-strlen-stub.o)

Memory Configuration

Name             Origin             Length             Attributes
rom              0x08000000         0x00010000         xr
ram              0x20000000         0x00005000         xrw
*default*        0x00000000         0xffffffff

Linker script and memory map

                0x20005000                _eram = 0x20005000

.text           0x08000000     0x24f8
 *(.isr_vector)
 .isr_vector    0x08000000      0x10c ..\obj\startup_stm32f10x_md.o
                0x08000000                g_pfnVectors
 *(.text*)
 .text.TIM_TimeBaseInit
                0x0800010c       0xf8 ..\obj\stm32f10x_tim.o
                0x0800010c                TIM_TimeBaseInit
 .text.TIM_OC4Init
                0x08000204       0xd0 ..\obj\stm32f10x_tim.o
                0x08000204                TIM_OC4Init
 .text.TIM_TimeBaseStructInit
                0x080002d4       0x34 ..\obj\stm32f10x_tim.o
                0x080002d4                TIM_TimeBaseStructInit
 .text.TIM_Cmd  0x08000308       0x40 ..\obj\stm32f10x_tim.o
                0x08000308                TIM_Cmd
 .text.TIM_ITConfig
                0x08000348       0x48 ..\obj\stm32f10x_tim.o
                0x08000348                TIM_ITConfig
 .text.TIM_SelectOutputTrigger
                0x08000390       0x38 ..\obj\stm32f10x_tim.o
                0x08000390                TIM_SelectOutputTrigger
 .text.SystemInit
                0x080003c8       0x68 ..\obj\system_stm32f10x.o
                0x080003c8                SystemInit
 .text.SetSysClock
                0x08000430        0xc ..\obj\system_stm32f10x.o
 .text.SetSysClockTo72
                0x0800043c      0x100 ..\obj\system_stm32f10x.o
 .text.Default_Reset_Handler
                0x0800053c       0x60 ..\obj\startup_stm32f10x_md.o
                0x0800053c                Default_Reset_Handler
                0x0800053c                Reset_Handler
 .text.Default_Handler
                0x0800059c        0x8 ..\obj\startup_stm32f10x_md.o
                0x0800059c                DebugMon_Handler
                0x0800059c                TIM1_CC_IRQHandler
                0x0800059c                HardFault_Handler
                0x0800059c                PVD_IRQHandler
                0x0800059c                PendSV_Handler
                0x0800059c                NMI_Handler
                0x0800059c                EXTI3_IRQHandler
                0x0800059c                EXTI0_IRQHandler
                0x0800059c                I2C2_EV_IRQHandler
                0x0800059c                UsageFault_Handler
                0x0800059c                SPI1_IRQHandler
                0x0800059c                TAMPER_IRQHandler
                0x0800059c                DMA1_Channel4_IRQHandler
                0x0800059c                USART3_IRQHandler
                0x0800059c                RTC_IRQHandler
                0x0800059c                DMA1_Channel7_IRQHandler
                0x0800059c                CAN1_RX1_IRQHandler
                0x0800059c                TIM4_IRQHandler
                0x0800059c                I2C1_EV_IRQHandler
                0x0800059c                DMA1_Channel6_IRQHandler
                0x0800059c                TIM3_IRQHandler
                0x0800059c                RCC_IRQHandler
                0x0800059c                TIM1_TRG_COM_IRQHandler
                0x0800059c                EXTI15_10_IRQHandler
                0x0800059c                EXTI9_5_IRQHandler
                0x0800059c                SPI2_IRQHandler
                0x0800059c                MemManage_Handler
                0x0800059c                SVC_Handler
                0x0800059c                DMA1_Channel5_IRQHandler
                0x0800059c                EXTI4_IRQHandler
                0x0800059c                USB_LP_CAN1_RX0_IRQHandler
                0x0800059c                USB_HP_CAN1_TX_IRQHandler
                0x0800059c                DMA1_Channel3_IRQHandler
                0x0800059c                TIM1_UP_IRQHandler
                0x0800059c                WWDG_IRQHandler
                0x0800059c                TIM2_IRQHandler
                0x0800059c                TIM1_BRK_IRQHandler
                0x0800059c                EXTI1_IRQHandler
                0x0800059c                RTCAlarm_IRQHandler
                0x0800059c                USART2_IRQHandler
                0x0800059c                I2C2_ER_IRQHandler
                0x0800059c                DMA1_Channel2_IRQHandler
                0x0800059c                CAN1_SCE_IRQHandler
                0x0800059c                FLASH_IRQHandler
                0x0800059c                BusFault_Handler
                0x0800059c                USART1_IRQHandler
                0x0800059c                I2C1_ER_IRQHandler
                0x0800059c                USBWakeUp_IRQHandler
 .text.GPIO_Init
                0x080005a4      0x178 ..\obj\stm32f10x_gpio.o
                0x080005a4                GPIO_Init
 .text.GPIO_ReadInputDataBit
                0x0800071c       0x34 ..\obj\stm32f10x_gpio.o
                0x0800071c                GPIO_ReadInputDataBit
 .text.GPIO_EXTILineConfig
                0x08000750       0x84 ..\obj\stm32f10x_gpio.o
                0x08000750                GPIO_EXTILineConfig
 .text.NVIC_SetPriority
                0x080007d4       0x54 ..\obj\main.o
 .text.SysTick_Config
                0x08000828       0x44 ..\obj\main.o
 .text.initMillisFunction
                0x0800086c       0x1c ..\obj\main.o
                0x0800086c                initMillisFunction
 .text.main     0x08000888       0x40 ..\obj\main.o
                0x08000888                main
 .text.RCCInit  0x080008c8       0x78 ..\obj\RCC.o
                0x080008c8                RCCInit
 .text.PeriphON
                0x08000940       0x44 ..\obj\RCC.o
                0x08000940                PeriphON
 .text.GPIOInit
                0x08000984       0x74 ..\obj\GPIO.o
                0x08000984                GPIOInit
 .text.initADC_DMA
                0x080009f8      0x154 ..\obj\ADC.o
                0x080009f8                initADC_DMA
 .text.startUpdateCurrent
                0x08000b4c       0x1c ..\obj\ADC.o
                0x08000b4c                startUpdateCurrent
 .text.stopUpdateCurrnet
                0x08000b68       0x1c ..\obj\ADC.o
                0x08000b68                stopUpdateCurrnet
 .text.RCC_DeInit
                0x08000b84       0x5c ..\obj\stm32f10x_rcc.o
                0x08000b84                RCC_DeInit
 .text.RCC_HSEConfig
                0x08000be0       0x5c ..\obj\stm32f10x_rcc.o
                0x08000be0                RCC_HSEConfig
 .text.RCC_WaitForHSEStartUp
                0x08000c3c       0x50 ..\obj\stm32f10x_rcc.o
                0x08000c3c                RCC_WaitForHSEStartUp
 .text.RCC_PLLConfig
                0x08000c8c       0x3c ..\obj\stm32f10x_rcc.o
                0x08000c8c                RCC_PLLConfig
 .text.RCC_PLLCmd
                0x08000cc8       0x20 ..\obj\stm32f10x_rcc.o
                0x08000cc8                RCC_PLLCmd
 .text.RCC_SYSCLKConfig
                0x08000ce8       0x38 ..\obj\stm32f10x_rcc.o
                0x08000ce8                RCC_SYSCLKConfig
 .text.RCC_GetSYSCLKSource
                0x08000d20       0x1c ..\obj\stm32f10x_rcc.o
                0x08000d20                RCC_GetSYSCLKSource
 .text.RCC_HCLKConfig
                0x08000d3c       0x38 ..\obj\stm32f10x_rcc.o
                0x08000d3c                RCC_HCLKConfig
 .text.RCC_PCLK1Config
                0x08000d74       0x38 ..\obj\stm32f10x_rcc.o
                0x08000d74                RCC_PCLK1Config
 .text.RCC_PCLK2Config
                0x08000dac       0x38 ..\obj\stm32f10x_rcc.o
                0x08000dac                RCC_PCLK2Config
 .text.RCC_ADCCLKConfig
                0x08000de4       0x38 ..\obj\stm32f10x_rcc.o
                0x08000de4                RCC_ADCCLKConfig
 .text.RCC_AHBPeriphClockCmd
                0x08000e1c       0x3c ..\obj\stm32f10x_rcc.o
                0x08000e1c                RCC_AHBPeriphClockCmd
 .text.RCC_APB2PeriphClockCmd
                0x08000e58       0x3c ..\obj\stm32f10x_rcc.o
                0x08000e58                RCC_APB2PeriphClockCmd
 .text.RCC_APB1PeriphClockCmd
                0x08000e94       0x3c ..\obj\stm32f10x_rcc.o
                0x08000e94                RCC_APB1PeriphClockCmd
 .text.RCC_GetFlagStatus
                0x08000ed0       0x74 ..\obj\stm32f10x_rcc.o
                0x08000ed0                RCC_GetFlagStatus
 .text.getFrequency
                0x08000f44       0x20 ..\obj\Timer.o
                0x08000f44                getFrequency
 .text.TimerInit
                0x08000f64       0xa8 ..\obj\Timer.o
                0x08000f64                TimerInit
 .text.startUpdateVBat
                0x0800100c       0x14 ..\obj\Timer.o
                0x0800100c                startUpdateVBat
 .text.EXTI_Init
                0x08001020       0xe4 ..\obj\stm32f10x_exti.o
                0x08001020                EXTI_Init
 .text.EXTI_GetITStatus
                0x08001104       0x48 ..\obj\stm32f10x_exti.o
                0x08001104                EXTI_GetITStatus
 .text.EXTI_ClearITPendingBit
                0x0800114c       0x1c ..\obj\stm32f10x_exti.o
                0x0800114c                EXTI_ClearITPendingBit
 .text.ADC_Init
                0x08001168       0xa4 ..\obj\stm32f10x_adc.o
                0x08001168                ADC_Init
 .text.ADC_Cmd  0x0800120c       0x38 ..\obj\stm32f10x_adc.o
                0x0800120c                ADC_Cmd
 .text.ADC_DMACmd
                0x08001244       0x38 ..\obj\stm32f10x_adc.o
                0x08001244                ADC_DMACmd
 .text.ADC_ITConfig
                0x0800127c       0x44 ..\obj\stm32f10x_adc.o
                0x0800127c                ADC_ITConfig
 .text.ADC_ResetCalibration
                0x080012c0       0x20 ..\obj\stm32f10x_adc.o
                0x080012c0                ADC_ResetCalibration
 .text.ADC_StartCalibration
                0x080012e0       0x20 ..\obj\stm32f10x_adc.o
                0x080012e0                ADC_StartCalibration
 .text.ADC_GetCalibrationStatus
                0x08001300       0x30 ..\obj\stm32f10x_adc.o
                0x08001300                ADC_GetCalibrationStatus
 .text.ADC_SoftwareStartConvCmd
                0x08001330       0x38 ..\obj\stm32f10x_adc.o
                0x08001330                ADC_SoftwareStartConvCmd
 .text.ADC_RegularChannelConfig
                0x08001368      0x194 ..\obj\stm32f10x_adc.o
                0x08001368                ADC_RegularChannelConfig
 .text.ADC_GetConversionValue
                0x080014fc       0x18 ..\obj\stm32f10x_adc.o
                0x080014fc                ADC_GetConversionValue
 .text.ADC_GetFlagStatus
                0x08001514       0x34 ..\obj\stm32f10x_adc.o
                0x08001514                ADC_GetFlagStatus
 .text.ADC_ClearFlag
                0x08001548       0x20 ..\obj\stm32f10x_adc.o
                0x08001548                ADC_ClearFlag
 .text.fuckFilter
                0x08001568       0x60 ..\obj\Utils.o
                0x08001568                fuckFilter
 .text.getMillis
                0x080015c8       0x14 ..\obj\Utils.o
                0x080015c8                getMillis
 .text.delay    0x080015dc       0x2c ..\obj\Utils.o
                0x080015dc                delay
 .text.DMA_Init
                0x08001608       0x7c ..\obj\stm32f10x_dma.o
                0x08001608                DMA_Init
 .text.DMA_Cmd  0x08001684       0x38 ..\obj\stm32f10x_dma.o
                0x08001684                DMA_Cmd
 .text.DMA_ITConfig
                0x080016bc       0x3c ..\obj\stm32f10x_dma.o
                0x080016bc                DMA_ITConfig
 .text.DMA_ClearITPendingBit
                0x080016f8       0x34 ..\obj\stm32f10x_dma.o
                0x080016f8                DMA_ClearITPendingBit
 .text.NVIC_Init
                0x0800172c       0xc4 ..\obj\misc.o
                0x0800172c                NVIC_Init
 .text.SysTick_CLKSourceConfig
                0x080017f0       0x38 ..\obj\misc.o
                0x080017f0                SysTick_CLKSourceConfig
 .text.NVICInit
                0x08001828       0x58 ..\obj\Interrupt.o
                0x08001828                NVICInit
 .text.EXTInit  0x08001880       0x28 ..\obj\Interrupt.o
                0x08001880                EXTInit
 .text.DMA1_Channel1_IRQHandler
                0x080018a8       0xc0 ..\obj\Interrupt.o
                0x080018a8                DMA1_Channel1_IRQHandler
 .text.ADC1_2_IRQHandler
                0x08001968       0x78 ..\obj\Interrupt.o
                0x08001968                ADC1_2_IRQHandler
 .text.EXTI2_IRQHandler
                0x080019e0       0x28 ..\obj\Interrupt.o
                0x080019e0                EXTI2_IRQHandler
 .text.SysTick_Handler
                0x08001a08       0x1c ..\obj\Interrupt.o
                0x08001a08                SysTick_Handler
 .text          0x08001a24      0x370 c:/program files (x86)/gnu tools arm embedded/5.4 2016q3/bin/../lib/gcc/arm-none-eabi/5.4.1/armv7-m\libgcc.a(_arm_addsubdf3.o)
                0x08001a24                __aeabi_drsub
                0x08001a2c                __aeabi_dsub
                0x08001a2c                __subdf3
                0x08001a30                __aeabi_dadd
                0x08001a30                __adddf3
                0x08001ca8                __floatunsidf
                0x08001ca8                __aeabi_ui2d
                0x08001cc8                __floatsidf
                0x08001cc8                __aeabi_i2d
                0x08001cec                __aeabi_f2d
                0x08001cec                __extendsfdf2
                0x08001d28                __floatundidf
                0x08001d28                __aeabi_ul2d
                0x08001d38                __floatdidf
                0x08001d38                __aeabi_l2d
 .text          0x08001d94      0x424 c:/program files (x86)/gnu tools arm embedded/5.4 2016q3/bin/../lib/gcc/arm-none-eabi/5.4.1/armv7-m\libgcc.a(_arm_muldivdf3.o)
                0x08001d94                __aeabi_dmul
                0x08001d94                __muldf3
                0x08001fe8                __divdf3
                0x08001fe8                __aeabi_ddiv
 .text          0x080021b8       0xa0 c:/program files (x86)/gnu tools arm embedded/5.4 2016q3/bin/../lib/gcc/arm-none-eabi/5.4.1/armv7-m\libgcc.a(_arm_truncdfsf2.o)
                0x080021b8                __truncdfsf2
                0x080021b8                __aeabi_d2f
 .text          0x08002258      0x2a0 c:/program files (x86)/gnu tools arm embedded/5.4 2016q3/bin/../lib/gcc/arm-none-eabi/5.4.1/armv7-m\libgcc.a(_arm_muldivsf3.o)
                0x08002258                __mulsf3
                0x08002258                __aeabi_fmul
                0x080023c0                __aeabi_fdiv
                0x080023c0                __divsf3
 *(.init)
 *(.fini)
 *crtbegin.o(.ctors)
 *crtbegin?.o(.ctors)
 *(EXCLUDE_FILE(*crtend.o *crtend?.o) .ctors)
 *(SORT(.ctors.*))
 *(.ctors)
 *crtbegin.o(.dtors)
 *crtbegin?.o(.dtors)
 *(EXCLUDE_FILE(*crtend.o *crtend?.o) .dtors)
 *(SORT(.dtors.*))
 *(.dtors)
 *(.rodata*)
 *(.eh_fram e*)

.glue_7         0x080024f8        0x0
 .glue_7        0x080024f8        0x0 linker stubs

.glue_7t        0x080024f8        0x0
 .glue_7t       0x080024f8        0x0 linker stubs

.vfp11_veneer   0x080024f8        0x0
 .vfp11_veneer  0x080024f8        0x0 linker stubs

.v4_bx          0x080024f8        0x0
 .v4_bx         0x080024f8        0x0 linker stubs

.iplt           0x080024f8        0x0
 .iplt          0x080024f8        0x0 ..\obj\stm32f10x_tim.o

.rel.dyn        0x080024f8        0x0
 .rel.iplt      0x080024f8        0x0 ..\obj\stm32f10x_tim.o

.ARM.extab
 *(.ARM.extab* .gnu.linkonce.armextab.*)
                0x080024f8                __exidx_start = .

.ARM.exidx
 *(.ARM.exidx* .gnu.linkonce.armexidx.*)
                0x080024f8                __exidx_end = .
                0x080024f8                __etext = .
                0x080024f8                _sidata = __etext

.data           0x20000000        0x0 load address 0x080024f8
                0x20000000                __data_start__ = .
                0x20000000                _sdata = __data_start__
 *(vtable)
 *(.data*)
                0x20000000                . = ALIGN (0x4)
                [!provide]                PROVIDE (__preinit_array_start, .)
 *(.preinit_array)
                [!provide]                PROVIDE (__preinit_array_end, .)
                0x20000000                . = ALIGN (0x4)
                [!provide]                PROVIDE (__init_array_start, .)
 *(SORT(.init_array.*))
 *(.init_array)
                [!provide]                PROVIDE (__init_array_end, .)
                0x20000000                . = ALIGN (0x4)
                [!provide]                PROVIDE (__fini_array_start, .)
 *(SORT(.fini_array.*))
 *(.fini_array)
                [!provide]                PROVIDE (__fini_array_end, .)
 *(.jcr*)
                0x20000000                . = ALIGN (0x4)
                0x20000000                __data_end__ = .
                0x20000000                _edata = __data_end__

.igot.plt       0x20000000        0x0
 .igot.plt      0x20000000        0x0 ..\obj\stm32f10x_tim.o

.bss            0x20000000       0x88
                0x20000000                . = ALIGN (0x4)
                0x20000000                __bss_start__ = .
                0x20000000                _sbss = __bss_start__
 *(.bss*)
 *(COMMON)
 COMMON         0x20000000       0x24 ..\obj\GPIO.o
                0x20000000                power
                0x20000002                temp
                0x20000004                timePress
                0x20000008                maxPower
                0x2000000c                current
                0x20000010                Vbat
                0x20000014                resistanceCoilNow
                0x20000018                flagFire
                0x2000001c                resistanceCoil
                0x20000020                millis
 COMMON         0x20000024       0x64 ..\obj\ADC.o
                0x20000024                ADCBuffer
                0x20000088                . = ALIGN (0x4)
                0x20000088                __bss_end__ = .
                0x20000088                _ebss = __bss_end__

.heap           0x20000088        0x0
                0x20000088                __end__ = .
                0x20000088                _end = __end__
                0x20000088                end = __end__
 *(.heap*)
                0x20000088                __HeapLimit = .

.co_stack       0x20000088      0x400
                0x20000088                . = ALIGN (0x8)
 *(.co_stack .co_stack.*)
 .co_stack      0x20000088      0x400 ..\obj\startup_stm32f10x_md.o
                0x20000088                pulStack
                0x20005000                __StackTop = (ORIGIN (ram) + LENGTH (ram))
                0x20004c00                __StackLimit = (__StackTop - SIZEOF (.co_stack))
                [!provide]                PROVIDE (__stack, __StackTop)
                0x00000001                ASSERT ((__StackLimit >= __HeapLimit), region ram  overflowed with stack)
LOAD ..\obj\stm32f10x_tim.o
LOAD ..\obj\Display.o
LOAD ..\obj\system_stm32f10x.o
LOAD ..\obj\startup_stm32f10x_md.o
LOAD ..\obj\stm32f10x_gpio.o
LOAD ..\obj\main.o
LOAD ..\obj\RCC.o
LOAD ..\obj\GPIO.o
LOAD ..\obj\ADC.o
LOAD ..\obj\stm32f10x_rcc.o
LOAD ..\obj\Timer.o
LOAD ..\obj\stm32f10x_exti.o
LOAD ..\obj\stm32f10x_adc.o
LOAD ..\obj\fonts.o
LOAD ..\obj\ssd1306_i2c.o
LOAD ..\obj\Utils.o
LOAD ..\obj\stm32f10x_dma.o
LOAD ..\obj\misc.o
LOAD ..\obj\ssd1306.o
LOAD ..\obj\stm32f10x_i2c.o
LOAD ..\obj\Interrupt.o
LOAD c:/program files (x86)/gnu tools arm embedded/5.4 2016q3/bin/../lib/gcc/arm-none-eabi/5.4.1/../../../../arm-none-eabi/lib/armv7-m\libm.a
LOAD c:/program files (x86)/gnu tools arm embedded/5.4 2016q3/bin/../lib/gcc/arm-none-eabi/5.4.1/armv7-m\libgcc.a
LOAD c:/program files (x86)/gnu tools arm embedded/5.4 2016q3/bin/../lib/gcc/arm-none-eabi/5.4.1/../../../../arm-none-eabi/lib/armv7-m\libc.a
START GROUP
LOAD c:/program files (x86)/gnu tools arm embedded/5.4 2016q3/bin/../lib/gcc/arm-none-eabi/5.4.1/armv7-m\libgcc.a
LOAD c:/program files (x86)/gnu tools arm embedded/5.4 2016q3/bin/../lib/gcc/arm-none-eabi/5.4.1/../../../../arm-none-eabi/lib/armv7-m\libg.a
LOAD c:/program files (x86)/gnu tools arm embedded/5.4 2016q3/bin/../lib/gcc/arm-none-eabi/5.4.1/../../../../arm-none-eabi/lib/armv7-m\libc.a
END GROUP
OUTPUT(2.elf elf32-littlearm)

.debug_info     0x00000000     0x65d9
 .debug_info    0x00000000     0x1c60 ..\obj\stm32f10x_tim.o
 .debug_info    0x00001c60      0x49c ..\obj\system_stm32f10x.o
 .debug_info    0x000020fc       0xee ..\obj\startup_stm32f10x_md.o
 .debug_info    0x000021ea      0x6f6 ..\obj\stm32f10x_gpio.o
 .debug_info    0x000028e0      0x5f4 ..\obj\main.o
 .debug_info    0x00002ed4      0x151 ..\obj\RCC.o
 .debug_info    0x00003025      0x315 ..\obj\GPIO.o
 .debug_info    0x0000333a      0x47e ..\obj\ADC.o
 .debug_info    0x000037b8      0x8a3 ..\obj\stm32f10x_rcc.o
 .debug_info    0x0000405b      0x524 ..\obj\Timer.o
 .debug_info    0x0000457f      0x351 ..\obj\stm32f10x_exti.o
 .debug_info    0x000048d0      0xb7c ..\obj\stm32f10x_adc.o
 .debug_info    0x0000544c      0x18a ..\obj\Utils.o
 .debug_info    0x000055d6      0x47b ..\obj\stm32f10x_dma.o
 .debug_info    0x00005a51      0x556 ..\obj\misc.o
 .debug_info    0x00005fa7      0x632 ..\obj\Interrupt.o

.debug_abbrev   0x00000000     0x1565
 .debug_abbrev  0x00000000      0x1b2 ..\obj\stm32f10x_tim.o
 .debug_abbrev  0x000001b2      0x14e ..\obj\system_stm32f10x.o
 .debug_abbrev  0x00000300       0xa7 ..\obj\startup_stm32f10x_md.o
 .debug_abbrev  0x000003a7      0x1cc ..\obj\stm32f10x_gpio.o
 .debug_abbrev  0x00000573      0x1a5 ..\obj\main.o
 .debug_abbrev  0x00000718       0xb8 ..\obj\RCC.o
 .debug_abbrev  0x000007d0      0x109 ..\obj\GPIO.o
 .debug_abbrev  0x000008d9      0x128 ..\obj\ADC.o
 .debug_abbrev  0x00000a01      0x1bc ..\obj\stm32f10x_rcc.o
 .debug_abbrev  0x00000bbd      0x16a ..\obj\Timer.o
 .debug_abbrev  0x00000d27      0x155 ..\obj\stm32f10x_exti.o
 .debug_abbrev  0x00000e7c      0x19a ..\obj\stm32f10x_adc.o
 .debug_abbrev  0x00001016       0xfc ..\obj\Utils.o
 .debug_abbrev  0x00001112      0x157 ..\obj\stm32f10x_dma.o
 .debug_abbrev  0x00001269      0x147 ..\obj\misc.o
 .debug_abbrev  0x000013b0      0x1b5 ..\obj\Interrupt.o

.debug_aranges  0x00000000      0x8c8
 .debug_aranges
                0x00000000      0x2f0 ..\obj\stm32f10x_tim.o
 .debug_aranges
                0x000002f0       0x38 ..\obj\system_stm32f10x.o
 .debug_aranges
                0x00000328       0x28 ..\obj\startup_stm32f10x_md.o
 .debug_aranges
                0x00000350       0xa8 ..\obj\stm32f10x_gpio.o
 .debug_aranges
                0x000003f8       0x38 ..\obj\main.o
 .debug_aranges
                0x00000430       0x28 ..\obj\RCC.o
 .debug_aranges
                0x00000458       0x28 ..\obj\GPIO.o
 .debug_aranges
                0x00000480       0x30 ..\obj\ADC.o
 .debug_aranges
                0x000004b0      0x118 ..\obj\stm32f10x_rcc.o
 .debug_aranges
                0x000005c8       0x40 ..\obj\Timer.o
 .debug_aranges
                0x00000608       0x58 ..\obj\stm32f10x_exti.o
 .debug_aranges
                0x00000660      0x138 ..\obj\stm32f10x_adc.o
 .debug_aranges
                0x00000798       0x38 ..\obj\Utils.o
 .debug_aranges
                0x000007d0       0x70 ..\obj\stm32f10x_dma.o
 .debug_aranges
                0x00000840       0x40 ..\obj\misc.o
 .debug_aranges
                0x00000880       0x48 ..\obj\Interrupt.o

.debug_ranges   0x00000000      0x7c8
 .debug_ranges  0x00000000      0x2e0 ..\obj\stm32f10x_tim.o
 .debug_ranges  0x000002e0       0x28 ..\obj\system_stm32f10x.o
 .debug_ranges  0x00000308       0x18 ..\obj\startup_stm32f10x_md.o
 .debug_ranges  0x00000320       0x98 ..\obj\stm32f10x_gpio.o
 .debug_ranges  0x000003b8       0x28 ..\obj\main.o
 .debug_ranges  0x000003e0       0x18 ..\obj\RCC.o
 .debug_ranges  0x000003f8       0x18 ..\obj\GPIO.o
 .debug_ranges  0x00000410       0x20 ..\obj\ADC.o
 .debug_ranges  0x00000430      0x108 ..\obj\stm32f10x_rcc.o
 .debug_ranges  0x00000538       0x30 ..\obj\Timer.o
 .debug_ranges  0x00000568       0x48 ..\obj\stm32f10x_exti.o
 .debug_ranges  0x000005b0      0x128 ..\obj\stm32f10x_adc.o
 .debug_ranges  0x000006d8       0x28 ..\obj\Utils.o
 .debug_ranges  0x00000700       0x60 ..\obj\stm32f10x_dma.o
 .debug_ranges  0x00000760       0x30 ..\obj\misc.o
 .debug_ranges  0x00000790       0x38 ..\obj\Interrupt.o

.debug_line     0x00000000     0x30dd
 .debug_line    0x00000000      0xb30 ..\obj\stm32f10x_tim.o
 .debug_line    0x00000b30      0x212 ..\obj\system_stm32f10x.o
 .debug_line    0x00000d42       0x99 ..\obj\startup_stm32f10x_md.o
 .debug_line    0x00000ddb      0x3b0 ..\obj\stm32f10x_gpio.o
 .debug_line    0x0000118b      0x201 ..\obj\main.o
 .debug_line    0x0000138c      0x1b9 ..\obj\RCC.o
 .debug_line    0x00001545      0x1ef ..\obj\GPIO.o
 .debug_line    0x00001734      0x247 ..\obj\ADC.o
 .debug_line    0x0000197b      0x4ab ..\obj\stm32f10x_rcc.o
 .debug_line    0x00001e26      0x222 ..\obj\Timer.o
 .debug_line    0x00002048      0x286 ..\obj\stm32f10x_exti.o
 .debug_line    0x000022ce      0x51a ..\obj\stm32f10x_adc.o
 .debug_line    0x000027e8      0x16b ..\obj\Utils.o
 .debug_line    0x00002953      0x318 ..\obj\stm32f10x_dma.o
 .debug_line    0x00002c6b      0x223 ..\obj\misc.o
 .debug_line    0x00002e8e      0x24f ..\obj\Interrupt.o

.debug_str      0x00000000     0x270d
 .debug_str     0x00000000      0xd19 ..\obj\stm32f10x_tim.o
                                0xddc (size before relaxing)
 .debug_str     0x00000d19      0x169 ..\obj\system_stm32f10x.o
                                0x2ee (size before relaxing)
 .debug_str     0x00000e82       0xa7 ..\obj\startup_stm32f10x_md.o
                                0x13e (size before relaxing)
 .debug_str     0x00000f29      0x375 ..\obj\stm32f10x_gpio.o
                                0x518 (size before relaxing)
 .debug_str     0x0000129e      0x391 ..\obj\main.o
                                0x573 (size before relaxing)
 .debug_str     0x0000162f       0x4d ..\obj\RCC.o
                                0x1b7 (size before relaxing)
 .debug_str     0x0000167c       0xa3 ..\obj\GPIO.o
                                0x327 (size before relaxing)
 .debug_str     0x0000171f      0x20c ..\obj\ADC.o
                                0x3e5 (size before relaxing)
 .debug_str     0x0000192b      0x3c5 ..\obj\stm32f10x_rcc.o
                                0x619 (size before relaxing)
 .debug_str     0x00001cf0       0x71 ..\obj\Timer.o
                                0x442 (size before relaxing)
 .debug_str     0x00001d61      0x1c9 ..\obj\stm32f10x_exti.o
                                0x348 (size before relaxing)
 .debug_str     0x00001f2a      0x456 ..\obj\stm32f10x_adc.o
                                0x6fa (size before relaxing)
 .debug_str     0x00002380       0x5c ..\obj\Utils.o
                                0x1a3 (size before relaxing)
 .debug_str     0x000023dc      0x136 ..\obj\stm32f10x_dma.o
                                0x3b6 (size before relaxing)
 .debug_str     0x00002512      0x16c ..\obj\misc.o
                                0x3bd (size before relaxing)
 .debug_str     0x0000267e       0x8f ..\obj\Interrupt.o
                                0x6fa (size before relaxing)

.comment        0x00000000       0x6e
 .comment       0x00000000       0x6e ..\obj\stm32f10x_tim.o
                                 0x6f (size before relaxing)
 .comment       0x0000006e       0x6f ..\obj\system_stm32f10x.o
 .comment       0x0000006e       0x6f ..\obj\startup_stm32f10x_md.o
 .comment       0x0000006e       0x6f ..\obj\stm32f10x_gpio.o
 .comment       0x0000006e       0x6f ..\obj\main.o
 .comment       0x0000006e       0x6f ..\obj\RCC.o
 .comment       0x0000006e       0x6f ..\obj\GPIO.o
 .comment       0x0000006e       0x6f ..\obj\ADC.o
 .comment       0x0000006e       0x6f ..\obj\stm32f10x_rcc.o
 .comment       0x0000006e       0x6f ..\obj\Timer.o
 .comment       0x0000006e       0x6f ..\obj\stm32f10x_exti.o
 .comment       0x0000006e       0x6f ..\obj\stm32f10x_adc.o
 .comment       0x0000006e       0x6f ..\obj\Utils.o
 .comment       0x0000006e       0x6f ..\obj\stm32f10x_dma.o
 .comment       0x0000006e       0x6f ..\obj\misc.o
 .comment       0x0000006e       0x6f ..\obj\Interrupt.o

.ARM.attributes
                0x00000000       0x33
 .ARM.attributes
                0x00000000       0x33 ..\obj\stm32f10x_tim.o
 .ARM.attributes
                0x00000033       0x33 ..\obj\system_stm32f10x.o
 .ARM.attributes
                0x00000066       0x33 ..\obj\startup_stm32f10x_md.o
 .ARM.attributes
                0x00000099       0x33 ..\obj\stm32f10x_gpio.o
 .ARM.attributes
                0x000000cc       0x33 ..\obj\main.o
 .ARM.attributes
                0x000000ff       0x33 ..\obj\RCC.o
 .ARM.attributes
                0x00000132       0x33 ..\obj\GPIO.o
 .ARM.attributes
                0x00000165       0x33 ..\obj\ADC.o
 .ARM.attributes
                0x00000198       0x33 ..\obj\stm32f10x_rcc.o
 .ARM.attributes
                0x000001cb       0x33 ..\obj\Timer.o
 .ARM.attributes
                0x000001fe       0x33 ..\obj\stm32f10x_exti.o
 .ARM.attributes
                0x00000231       0x33 ..\obj\stm32f10x_adc.o
 .ARM.attributes
                0x00000264       0x33 ..\obj\Utils.o
 .ARM.attributes
                0x00000297       0x33 ..\obj\stm32f10x_dma.o
 .ARM.attributes
                0x000002ca       0x33 ..\obj\misc.o
 .ARM.attributes
                0x000002fd       0x33 ..\obj\Interrupt.o
 .ARM.attributes
                0x00000330       0x1d c:/program files (x86)/gnu tools arm embedded/5.4 2016q3/bin/../lib/gcc/arm-none-eabi/5.4.1/armv7-m\libgcc.a(_arm_addsubdf3.o)
 .ARM.attributes
                0x0000034d       0x1d c:/program files (x86)/gnu tools arm embedded/5.4 2016q3/bin/../lib/gcc/arm-none-eabi/5.4.1/armv7-m\libgcc.a(_arm_muldivdf3.o)
 .ARM.attributes
                0x0000036a       0x1d c:/program files (x86)/gnu tools arm embedded/5.4 2016q3/bin/../lib/gcc/arm-none-eabi/5.4.1/armv7-m\libgcc.a(_arm_truncdfsf2.o)
 .ARM.attributes
                0x00000387       0x1d c:/program files (x86)/gnu tools arm embedded/5.4 2016q3/bin/../lib/gcc/arm-none-eabi/5.4.1/armv7-m\libgcc.a(_arm_muldivsf3.o)

.debug_frame    0x00000000     0x2444
 .debug_frame   0x00000000      0xe2c ..\obj\stm32f10x_tim.o
 .debug_frame   0x00000e2c       0x98 ..\obj\system_stm32f10x.o
 .debug_frame   0x00000ec4       0x4c ..\obj\startup_stm32f10x_md.o
 .debug_frame   0x00000f10      0x2d0 ..\obj\stm32f10x_gpio.o
 .debug_frame   0x000011e0       0x94 ..\obj\main.o
 .debug_frame   0x00001274       0x50 ..\obj\RCC.o
 .debug_frame   0x000012c4       0x58 ..\obj\GPIO.o
 .debug_frame   0x0000131c       0x6c ..\obj\ADC.o
 .debug_frame   0x00001388      0x4f4 ..\obj\stm32f10x_rcc.o
 .debug_frame   0x0000187c       0xbc ..\obj\Timer.o
 .debug_frame   0x00001938      0x148 ..\obj\stm32f10x_exti.o
 .debug_frame   0x00001a80      0x5a4 ..\obj\stm32f10x_adc.o
 .debug_frame   0x00002024       0xa4 ..\obj\Utils.o
 .debug_frame   0x000020c8      0x1c8 ..\obj\stm32f10x_dma.o
 .debug_frame   0x00002290       0xd8 ..\obj\misc.o
 .debug_frame   0x00002368       0xdc ..\obj\Interrupt.o
